// Jest Snapshot v1, https://goo.gl/fbAQLP

exports[`launch the help intent 1`] = `
SkillResponse {
  "response": Object {
    "outputSpeech": Object {
      "ssml": "<speak>Canvas now works with Alexa! You can ask: 'Alexa, what homework do I have?' or, 'do I have any announcements from the school?'</speak>",
      "type": "SSML",
    },
    "shouldEndSession": true,
  },
  "sessionAttributes": Object {},
  "userAgent": "ask-node/2.7.0 Node/v8.16.2",
  "version": "1.0",
}
`;
