// Jest Snapshot v1, https://goo.gl/fbAQLP

exports[`launch the launch intent 1`] = `
SkillResponse {
  "response": Object {
    "outputSpeech": Object {
      "ssml": "<speak>You can ask to list grades, or check if you have any missing assignments.</speak>",
      "type": "SSML",
    },
    "reprompt": Object {
      "outputSpeech": Object {
        "ssml": "<speak>What can I help you with?</speak>",
        "type": "SSML",
      },
    },
    "shouldEndSession": false,
  },
  "sessionAttributes": Object {},
  "userAgent": "ask-node/2.7.0 Node/v8.16.1",
  "version": "1.0",
}
`;
